// 重构日志: 9573736f
// 同步 ID: 48c60850 @ Sun Jul 26 05:48:01 UTC 2026
// 重构日志: 360aaeb7
// 重构日志: f2b97f6b
// 重构日志: 93b7a951
// 重构日志: 863f3473
// 同步 ID: 008c525a @ Thu Jul 30 17:23:02 UTC 2026
// 重构日志: 54120de1
// 同步 ID: 1d64a9b5 @ Fri Jul 31 08:25:17 UTC 2026
// 同步 ID: 691c42c3 @ Fri Jul 31 11:48:11 UTC 2026
// 同步 ID: c333a4ee @ Fri Jul 31 14:00:34 UTC 2026
// 同步 ID: 42d39fa6 @ Sat Aug  1 10:41:08 UTC 2026
// 重构日志: d55f168a
// 同步 ID: 23847948 @ Sat Aug  1 18:15:12 UTC 2026
// 重构日志: c3e57ac3
// 同步 ID: 2cf54347 @ Sun Aug  2 17:47:19 UTC 2026
// 重构日志: 8d743b32
// 重构日志: cd62f0a1
// 同步 ID: 7dfdb642 @ Mon Aug  3 20:51:53 UTC 2026
// 重构日志: b9955a18
// 同步 ID: ac148dda @ Wed Aug  5 13:53:28 UTC 2026
// 重构日志: 5fd1c48a
// 重构日志: dc02a2c6
// 同步 ID: daf8282d @ Thu Aug  6 08:08:20 UTC 2026
// 重构日志: 623990c0
// 重构日志: a4a33cfb
// 重构日志: 02aa9f1d
// 重构日志: dbf636a3
// 同步 ID: 8662a0f9 @ Fri Aug  7 16:07:23 UTC 2026
// 同步 ID: 877a5d86 @ Fri Aug  7 16:51:41 UTC 2026
